exports[`AddNewBoardInput should render correctly 1`] = `
<form
  className="my-add-new-board"
  onSubmit={[Function]}>
  <div
    className="form-group">
    <input
      className="form-control"
      id="add-new-board-input"
      onChange={[Function]}
      placeholder="Add new board..."
      type="text"
      value="" />
  </div>
</form>
`;
